feature\server\src\main\kotlin\com\mediahub\feature\server\ServerEditorViewModel.kt:75:34: error: unresolved reference 'ServerIconStore'.
    private val serverIconStore: ServerIconStore,
                                 ^^^^^^^^^^^^^^^
feature\server\src\main\kotlin\com\mediahub\feature\server\ServerEditorViewModel.kt:76:32: error: unresolved reference 'ServerRemoveHandler'.
    private val removeHandler: ServerRemoveHandler,
                               ^^^^^^^^^^^^^^^^^^^
feature\server\src\main\kotlin\com\mediahub\feature\server\ServerEditorViewModel.kt:377:43: error: unresolved reference 'saveFromUri'.
                val ref = serverIconStore.saveFromUri(serverId, uri)
                                          ^^^^^^^^^^^
feature\server\src\test\kotlin\com\mediahub\feature\server\ServerEditorViewModelTest.kt:201:39: error: unresolved reference 'ServerRemoveHandler'.
    private class FakeRemoveHandler : ServerRemoveHandler {
                                      ^^^^^^^^^^^^^^^^^^^
feature\server\src\test\kotlin\com\mediahub\feature\server\ServerEditorViewModelTest.kt:203:9: error: 'remove' overrides nothing.
        override suspend fun remove(server: MediaServer) { removed = server }
        ^^^^^^^^
feature\server\src\test\kotlin\com\mediahub\feature\server\ServerEditorViewModelTest.kt:281:27: error: unresolved reference 'ServerIconStore'.
        serverIconStore = ServerIconStore(RuntimeEnvironment.getApplication()),
                          ^^^^^^^^^^^^^^^
feature\server\src\test\kotlin\com\mediahub\feature\server\ServerEditorViewModelTest.kt:642:43: error: unresolved reference 'ServerIconStore'.
                        serverIconStore = ServerIconStore(RuntimeEnvironment.getApplication()),
                                          ^^^^^^^^^^^^^^^
